// Jest Snapshot v1, https://goo.gl/fbAQLP

exports[`Table valueEnum üéè dynamic enum test 1`] = `
<div
  class="ant-select-dropdown"
  style="opacity: 0; pointer-events: none; min-width: 0; width: 0px;"
>
  <div>
    <div
      id="status_list"
      role="listbox"
      style="height: 0px; width: 0px; overflow: hidden;"
    >
      <div
        aria-label="ÂÖ≥Èó≠"
        aria-selected="false"
        id="status_list_0"
        role="option"
      >
        0
      </div>
      <div
        aria-label="ËøêË°å‰∏≠"
        aria-selected="false"
        id="status_list_1"
        role="option"
      >
        1
      </div>
    </div>
    <div
      class="rc-virtual-list"
      style="position: relative;"
    >
      <div
        class="rc-virtual-list-holder"
        style="max-height: 256px; overflow-y: hidden;"
      >
        <div>
          <div
            class="rc-virtual-list-holder-inner"
            style="display: flex; flex-direction: column;"
          >
            <div
              aria-selected="false"
              class="ant-select-item ant-select-item-option ant-select-item-option-active"
              label="ÂÖ≥Èó≠"
              title="ÂÖ≥Èó≠"
            >
              <div
                class="ant-select-item-option-content"
              >
                ÂÖ≥Èó≠
              </div>
              <span
                aria-hidden="true"
                class="ant-select-item-option-state"
                style="user-select: none;"
                unselectable="on"
              />
            </div>
            <div
              aria-selected="false"
              class="ant-select-item ant-select-item-option"
              label="ËøêË°å‰∏≠"
              title="ËøêË°å‰∏≠"
            >
              <div
                class="ant-select-item-option-content"
              >
                ËøêË°å‰∏≠
              </div>
              <span
                aria-hidden="true"
                class="ant-select-item-option-state"
                style="user-select: none;"
                unselectable="on"
              />
            </div>
            <div
              aria-selected="false"
              class="ant-select-item ant-select-item-option"
              label="Â∑≤‰∏äÁ∫ø"
              title="Â∑≤‰∏äÁ∫ø"
            >
              <div
                class="ant-select-item-option-content"
              >
                Â∑≤‰∏äÁ∫ø
              </div>
              <span
                aria-hidden="true"
                class="ant-select-item-option-state"
                style="user-select: none;"
                unselectable="on"
              />
            </div>
            <div
              aria-selected="false"
              class="ant-select-item ant-select-item-option"
              label="ÂºÇÂ∏∏"
              title="ÂºÇÂ∏∏"
            >
              <div
                class="ant-select-item-option-content"
              >
                ÂºÇÂ∏∏
              </div>
              <span
                aria-hidden="true"
                class="ant-select-item-option-state"
                style="user-select: none;"
                unselectable="on"
              />
            </div>
          </div>
        </div>
      </div>
      <div
        class="rc-virtual-list-scrollbar"
        style="width: 8px; top: 0px; bottom: 0px; right: 0px; position: absolute; display: none;"
      >
        <div
          class="rc-virtual-list-scrollbar-thumb"
          style="width: 100%; height: 128px; top: 0px; left: 0px; position: absolute; background: rgba(0, 0, 0, 0.5); border-radius: 99px; cursor: pointer; user-select: none;"
        />
      </div>
    </div>
  </div>
</div>
`;
