// Jest Snapshot v1, https://goo.gl/fbAQLP

exports[`card demos ğŸ“¸ renders ./packages/card/src/components/CheckCard/demos/avatar.tsx correctly 1`] = `
<DocumentFragment>
  <div
    class="ant-pro-checkcard ant-pro-checkcard-bordered"
  >
    <div
      class="ant-pro-checkcard-content ant-pro-checkcard-avatar-header"
    >
      <div
        class="ant-pro-checkcard-avatar"
      >
        <span
          class="ant-avatar ant-avatar-lg ant-avatar-circle ant-avatar-icon"
          style="background-color: rgb(114, 101, 230);"
        >
          <span
            aria-label="user"
            class="anticon anticon-user"
            role="img"
          >
            <svg
              aria-hidden="true"
              data-icon="user"
              fill="currentColor"
              focusable="false"
              height="1em"
              viewBox="64 64 896 896"
              width="1em"
            >
              <path
                d="M858.5 763.6a374 374 0 00-80.6-119.5 375.63 375.63 0 00-119.5-80.6c-.4-.2-.8-.3-1.2-.5C719.5 518 760 444.7 760 362c0-137-111-248-248-248S264 225 264 362c0 82.7 40.5 156 102.8 201.1-.4.2-.8.3-1.2.5-44.8 18.9-85 46-119.5 80.6a375.63 375.63 0 00-80.6 119.5A371.7 371.7 0 00136 901.8a8 8 0 008 8.2h60c4.4 0 7.9-3.5 8-7.8 2-77.2 33-149.5 87.8-204.3 56.7-56.7 132-87.9 212.2-87.9s155.5 31.2 212.2 87.9C779 752.7 810 825 812 902.2c.1 4.4 3.6 7.8 8 7.8h60a8 8 0 008-8.2c-1-47.8-10.9-94.3-29.5-138.2zM512 534c-45.9 0-89.1-17.9-121.6-50.4S340 407.9 340 362c0-45.9 17.9-89.1 50.4-121.6S466.1 190 512 190s89.1 17.9 121.6 50.4S684 316.1 684 362c0 45.9-17.9 89.1-50.4 121.6S557.9 534 512 534z"
              />
            </svg>
          </span>
        </span>
      </div>
      <div
        class="ant-pro-checkcard-detail"
      >
        <div
          class="ant-pro-checkcard-header"
        >
          <div
            class="ant-pro-checkcard-title"
          >
            ç¤ºä¾‹æ ‡é¢˜
          </div>
        </div>
      </div>
    </div>
  </div>
</DocumentFragment>
`;

exports[`card demos ğŸ“¸ renders ./packages/card/src/components/CheckCard/demos/basic.tsx correctly 1`] = `<DocumentFragment />`;

exports[`card demos ğŸ“¸ renders ./packages/card/src/components/CheckCard/demos/basic.tsx correctly 2`] = `<DocumentFragment />`;

exports[`card demos ğŸ“¸ renders ./packages/card/src/components/CheckCard/demos/compose.tsx correctly 1`] = `<DocumentFragment />`;

exports[`card demos ğŸ“¸ renders ./packages/card/src/components/CheckCard/demos/custom.tsx correctly 1`] = `<DocumentFragment />`;

exports[`card demos ğŸ“¸ renders ./packages/card/src/components/CheckCard/demos/defaultChecked.tsx correctly 1`] = `<DocumentFragment />`;

exports[`card demos ğŸ“¸ renders ./packages/card/src/components/CheckCard/demos/description.tsx correctly 1`] = `<DocumentFragment />`;

exports[`card demos ğŸ“¸ renders ./packages/card/src/components/CheckCard/demos/disabled.tsx correctly 1`] = `<DocumentFragment />`;

exports[`card demos ğŸ“¸ renders ./packages/card/src/components/CheckCard/demos/extra.tsx correctly 1`] = `<DocumentFragment />`;

exports[`card demos ğŸ“¸ renders ./packages/card/src/components/CheckCard/demos/form.tsx correctly 1`] = `<DocumentFragment />`;

exports[`card demos ğŸ“¸ renders ./packages/card/src/components/CheckCard/demos/grid.tsx correctly 1`] = `<DocumentFragment />`;

exports[`card demos ğŸ“¸ renders ./packages/card/src/components/CheckCard/demos/group.tsx correctly 1`] = `<DocumentFragment />`;

exports[`card demos ğŸ“¸ renders ./packages/card/src/components/CheckCard/demos/image.tsx correctly 1`] = `<DocumentFragment />`;

exports[`card demos ğŸ“¸ renders ./packages/card/src/components/CheckCard/demos/list.tsx correctly 1`] = `<DocumentFragment />`;

exports[`card demos ğŸ“¸ renders ./packages/card/src/components/CheckCard/demos/loading.tsx correctly 1`] = `<DocumentFragment />`;

exports[`card demos ğŸ“¸ renders ./packages/card/src/components/CheckCard/demos/multiple.tsx correctly 1`] = `<DocumentFragment />`;

exports[`card demos ğŸ“¸ renders ./packages/card/src/components/CheckCard/demos/single.tsx correctly 1`] = `<DocumentFragment />`;

exports[`card demos ğŸ“¸ renders ./packages/card/src/components/CheckCard/demos/size.tsx correctly 1`] = `<DocumentFragment />`;

exports[`card demos ğŸ“¸ renders ./packages/card/src/components/CheckCard/demos/title.tsx correctly 1`] = `<DocumentFragment />`;

exports[`card demos ğŸ“¸ renders ./packages/card/src/components/StatisticCard/demos/basic.tsx correctly 1`] = `<DocumentFragment />`;

exports[`card demos ğŸ“¸ renders ./packages/card/src/components/StatisticCard/demos/chart.tsx correctly 1`] = `<DocumentFragment />`;

exports[`card demos ğŸ“¸ renders ./packages/card/src/components/StatisticCard/demos/fomula.tsx correctly 1`] = `<DocumentFragment />`;

exports[`card demos ğŸ“¸ renders ./packages/card/src/components/StatisticCard/demos/footer.tsx correctly 1`] = `<DocumentFragment />`;

exports[`card demos ğŸ“¸ renders ./packages/card/src/components/StatisticCard/demos/group.tsx correctly 1`] = `<DocumentFragment />`;

exports[`card demos ğŸ“¸ renders ./packages/card/src/components/StatisticCard/demos/group-chart.tsx correctly 1`] = `<DocumentFragment />`;

exports[`card demos ğŸ“¸ renders ./packages/card/src/components/StatisticCard/demos/horizontal.tsx correctly 1`] = `<DocumentFragment />`;

exports[`card demos ğŸ“¸ renders ./packages/card/src/components/StatisticCard/demos/horizontal-left.tsx correctly 1`] = `<DocumentFragment />`;

exports[`card demos ğŸ“¸ renders ./packages/card/src/components/StatisticCard/demos/icon.tsx correctly 1`] = `<DocumentFragment />`;

exports[`card demos ğŸ“¸ renders ./packages/card/src/components/StatisticCard/demos/layout.tsx correctly 1`] = `<DocumentFragment />`;

exports[`card demos ğŸ“¸ renders ./packages/card/src/components/StatisticCard/demos/status.tsx correctly 1`] = `<DocumentFragment />`;

exports[`card demos ğŸ“¸ renders ./packages/card/src/components/StatisticCard/demos/tabs.tsx correctly 1`] = `<DocumentFragment />`;

exports[`card demos ğŸ“¸ renders ./packages/card/src/components/StatisticCard/demos/tabs-statistic.tsx correctly 1`] = `<DocumentFragment />`;

exports[`card demos ğŸ“¸ renders ./packages/card/src/components/StatisticCard/demos/total.tsx correctly 1`] = `<DocumentFragment />`;

exports[`card demos ğŸ“¸ renders ./packages/card/src/components/StatisticCard/demos/total-layout.tsx correctly 1`] = `<DocumentFragment />`;

exports[`card demos ğŸ“¸ renders ./packages/card/src/components/StatisticCard/demos/trend.tsx correctly 1`] = `<DocumentFragment />`;

exports[`card demos ğŸ“¸ renders ./packages/card/src/demos/actions.tsx correctly 1`] = `<DocumentFragment />`;

exports[`card demos ğŸ“¸ renders ./packages/card/src/demos/basic.tsx correctly 1`] = `<DocumentFragment />`;

exports[`card demos ğŸ“¸ renders ./packages/card/src/demos/bordered.tsx correctly 1`] = `<DocumentFragment />`;

exports[`card demos ğŸ“¸ renders ./packages/card/src/demos/collapsible.tsx correctly 1`] = `<DocumentFragment />`;

exports[`card demos ğŸ“¸ renders ./packages/card/src/demos/colspan.tsx correctly 1`] = `<DocumentFragment />`;

exports[`card demos ğŸ“¸ renders ./packages/card/src/demos/divider.tsx correctly 1`] = `<DocumentFragment />`;

exports[`card demos ğŸ“¸ renders ./packages/card/src/demos/group.tsx correctly 1`] = `<DocumentFragment />`;

exports[`card demos ğŸ“¸ renders ./packages/card/src/demos/gutter.tsx correctly 1`] = `<DocumentFragment />`;

exports[`card demos ğŸ“¸ renders ./packages/card/src/demos/headerBordered.tsx correctly 1`] = `<DocumentFragment />`;

exports[`card demos ğŸ“¸ renders ./packages/card/src/demos/headless.tsx correctly 1`] = `<DocumentFragment />`;

exports[`card demos ğŸ“¸ renders ./packages/card/src/demos/hoverable.tsx correctly 1`] = `<DocumentFragment />`;

exports[`card demos ğŸ“¸ renders ./packages/card/src/demos/inner.tsx correctly 1`] = `<DocumentFragment />`;

exports[`card demos ğŸ“¸ renders ./packages/card/src/demos/layout.tsx correctly 1`] = `<DocumentFragment />`;

exports[`card demos ğŸ“¸ renders ./packages/card/src/demos/loading.tsx correctly 1`] = `<DocumentFragment />`;

exports[`card demos ğŸ“¸ renders ./packages/card/src/demos/multipleLine.tsx correctly 1`] = `<DocumentFragment />`;

exports[`card demos ğŸ“¸ renders ./packages/card/src/demos/responsive.tsx correctly 1`] = `<DocumentFragment />`;

exports[`card demos ğŸ“¸ renders ./packages/card/src/demos/split.tsx correctly 1`] = `<DocumentFragment />`;

exports[`card demos ğŸ“¸ renders ./packages/card/src/demos/split2.tsx correctly 1`] = `<DocumentFragment />`;

exports[`card demos ğŸ“¸ renders ./packages/card/src/demos/split23.tsx correctly 1`] = `<DocumentFragment />`;

exports[`card demos ğŸ“¸ renders ./packages/card/src/demos/steps-v.tsx correctly 1`] = `<DocumentFragment />`;

exports[`card demos ğŸ“¸ renders ./packages/card/src/demos/tabs.tsx correctly 1`] = `<DocumentFragment />`;

exports[`card demos ğŸ“¸ renders ./packages/card/src/demos/tabs-card.tsx correctly 1`] = `<DocumentFragment />`;
