// Jest Snapshot v1, https://goo.gl/fbAQLP

exports[`ProForm submit props actionsRender=()=>[] 1`] = `
<form
  class="ant-form ant-form-vertical"
/>
`;

exports[`ProForm submit props actionsRender=()=>false 1`] = `
<form
  class="ant-form ant-form-vertical"
/>
`;

exports[`ProForm submit props actionsRender=false 1`] = `
<form
  class="ant-form ant-form-vertical"
/>
`;

exports[`ProForm submit props render=()=>[] 1`] = `
<form
  class="ant-form ant-form-vertical"
>
  <div
    class="ant-space ant-space-horizontal ant-space-align-center"
  >
    <div
      class="ant-space-item"
    >
      <button
        class="ant-btn ant-btn-primary"
        type="button"
      >
        <span>
          提交并发布
        </span>
      </button>
    </div>
  </div>
</form>
`;
