// Jest Snapshot v1, https://goo.gl/fbAQLP

exports[`form demos üì∏ renders ./packages/form/src/components/Dependency/demos/dependency.tsx correctly 1`] = `
<DocumentFragment>
  <div
    class="ant-pro"
  >
    <form
      autocomplete="off"
      class="ant-form ant-form-vertical"
    >
      <input
        style="display: none;"
        type="text"
      />
      <div
        class="ant-form-item"
      >
        <div
          class="ant-row ant-form-item-row"
        >
          <div
            class="ant-col ant-form-item-label"
          >
            <label
              class=""
              for="globalUseMode"
              title="ÂÖ®Â±ÄÁîüÊïàÊñπÂºèÁªÑ‰ª∂ÁöÑÁ±ªÂûã"
            >
              ÂÖ®Â±ÄÁîüÊïàÊñπÂºèÁªÑ‰ª∂ÁöÑÁ±ªÂûã
            </label>
          </div>
          <div
            class="ant-col ant-form-item-control"
          >
            <div
              class="ant-form-item-control-input"
            >
              <div
                class="ant-form-item-control-input-content"
              >
                <div
                  class="ant-select ant-select-in-form-item ant-pro-filed-search-select pro-field pro-field-xs ant-select-focused ant-select-single ant-select-allow-clear ant-select-show-arrow"
                  style="min-width: 100px;"
                >
                  <span
                    aria-live="polite"
                    style="width: 0px; height: 0px; position: absolute; overflow: hidden; opacity: 0;"
                  />
                  <div
                    class="ant-select-selector"
                  >
                    <span
                      class="ant-select-selection-search"
                    >
                      <input
                        aria-activedescendant="globalUseMode_list_0"
                        aria-autocomplete="list"
                        aria-controls="globalUseMode_list"
                        aria-haspopup="listbox"
                        aria-owns="globalUseMode_list"
                        autocomplete="off"
                        class="ant-select-selection-search-input"
                        id="globalUseMode"
                        readonly=""
                        role="combobox"
                        style="opacity: 0;"
                        type="search"
                        unselectable="on"
                        value=""
                      />
                    </span>
                    <span
                      class="ant-select-selection-placeholder"
                    >
                      ËØ∑ÈÄâÊã©
                    </span>
                  </div>
                  <span
                    aria-hidden="true"
                    class="ant-select-arrow"
                    style="user-select: none;"
                    unselectable="on"
                  >
                    <span
                      aria-label="down"
                      class="anticon anticon-down ant-select-suffix"
                      role="img"
                    >
                      <svg
                        aria-hidden="true"
                        data-icon="down"
                        fill="currentColor"
                        focusable="false"
                        height="1em"
                        viewBox="64 64 896 896"
                        width="1em"
                      >
                        <path
                          d="M884 256h-75c-5.1 0-9.9 2.5-12.9 6.6L512 654.2 227.9 262.6c-3-4.1-7.8-6.6-12.9-6.6h-75c-6.5 0-10.3 7.4-6.5 12.7l352.6 486.1c12.8 17.6 39 17.6 51.7 0l352.6-486.1c3.9-5.3.1-12.7-6.4-12.7z"
                        />
                      </svg>
                    </span>
                  </span>
                </div>
              </div>
            </div>
          </div>
        </div>
      </div>
      <div
        class="ant-pro-form-list"
      >
        <div
          class="ant-form-item"
        >
          <div
            class="ant-row ant-form-item-row"
          >
            <div
              class="ant-col ant-form-item-label"
            >
              <label
                class=""
                title="Áî®Êà∑‰ø°ÊÅØ"
              >
                Áî®Êà∑‰ø°ÊÅØ
              </label>
            </div>
            <div
              class="ant-col ant-form-item-control"
            >
              <div
                class="ant-form-item-control-input"
              >
                <div
                  class="ant-form-item-control-input-content"
                >
                  <div
                    style="max-width: 100%; min-width: 100%;"
                  >
                    <div
                      class="ant-pro-form-list-item ant-pro-form-list-item-show-label"
                      style="display: flex; align-items: flex-end;"
                    >
                      <div
                        class="ant-pro-form-list-container"
                      >
                        <div
                          class="ant-pro-form-group"
                        >
                          <div
                            class="ant-space ant-space-horizontal ant-space-align-start ant-pro-form-group-container"
                            style="row-gap: 0;"
                          >
                            <div
                              class="ant-space-item"
                              style="margin-right: 32px;"
                            >
                              <div
                                class="ant-form-item"
                              >
                                <div
                                  class="ant-row ant-form-item-row"
                                >
                                  <div
                                    class="ant-col ant-form-item-label"
                                  >
                                    <label
                                      class=""
                                      for="default_users_0_useMode"
                                      title="ÁîüÊïàÊñπÂºèÁªÑ‰ª∂ÁöÑÁ±ªÂûã"
                                    >
                                      ÁîüÊïàÊñπÂºèÁªÑ‰ª∂ÁöÑÁ±ªÂûã
                                    </label>
                                  </div>
                                  <div
                                    class="ant-col ant-form-item-control"
                                  >
                                    <div
                                      class="ant-form-item-control-input"
                                    >
                                      <div
                                        class="ant-form-item-control-input-content"
                                      >
                                        <div
                                          class="ant-select ant-select-in-form-item ant-pro-filed-search-select pro-field pro-field-xs ant-select-single ant-select-allow-clear ant-select-show-arrow"
                                          style="min-width: 100px;"
                                        >
                                          <div
                                            class="ant-select-selector"
                                          >
                                            <span
                                              class="ant-select-selection-search"
                                            >
                                              <input
                                                aria-activedescendant="default_users_0_useMode_list_0"
                                                aria-autocomplete="list"
                                                aria-controls="default_users_0_useMode_list"
                                                aria-haspopup="listbox"
                                                aria-owns="default_users_0_useMode_list"
                                                autocomplete="off"
                                                class="ant-select-selection-search-input"
                                                id="default_users_0_useMode"
                                                readonly=""
                                                role="combobox"
                                                style="opacity: 0;"
                                                type="search"
                                                unselectable="on"
                                                value=""
                                              />
                                            </span>
                                            <span
                                              class="ant-select-selection-placeholder"
                                            >
                                              ËØ∑ÈÄâÊã©
                                            </span>
                                          </div>
                                          <span
                                            aria-hidden="true"
                                            class="ant-select-arrow"
                                            style="user-select: none;"
                                            unselectable="on"
                                          >
                                            <span
                                              aria-label="down"
                                              class="anticon anticon-down ant-select-suffix"
                                              role="img"
                                            >
                                              <svg
                                                aria-hidden="true"
                                                data-icon="down"
                                                fill="currentColor"
                                                focusable="false"
                                                height="1em"
                                                viewBox="64 64 896 896"
                                                width="1em"
                                              >
                                                <path
                                                  d="M884 256h-75c-5.1 0-9.9 2.5-12.9 6.6L512 654.2 227.9 262.6c-3-4.1-7.8-6.6-12.9-6.6h-75c-6.5 0-10.3 7.4-6.5 12.7l352.6 486.1c12.8 17.6 39 17.6 51.7 0l352.6-486.1c3.9-5.3.1-12.7-6.4-12.7z"
                                                />
                                              </svg>
                                            </span>
                                          </span>
                                        </div>
                                      </div>
                                    </div>
                                  </div>
                                </div>
                              </div>
                            </div>
                            <div
                              class="ant-space-item"
                              style="margin-right: 32px;"
                            >
                              <div
                                class="ant-form-item"
                              >
                                <div
                                  class="ant-row ant-form-item-row"
                                >
                                  <div
                                    class="ant-col ant-form-item-label"
                                  >
                                    <label
                                      class=""
                                      for="default_users_0_function"
                                      title="ÁîüÊïàÊñπÂºè"
                                    >
                                      ÁîüÊïàÊñπÂºè
                                    </label>
                                  </div>
                                  <div
                                    class="ant-col ant-form-item-control"
                                  >
                                    <div
                                      class="ant-form-item-control-input"
                                    >
                                      <div
                                        class="ant-form-item-control-input-content"
                                      >
                                        <span
                                          class="ant-input-affix-wrapper pro-field pro-field-md"
                                        >
                                          <input
                                            class="ant-input"
                                            id="default_users_0_function"
                                            placeholder="ËØ∑ËæìÂÖ•"
                                            type="text"
                                            value=""
                                          />
                                          <span
                                            class="ant-input-suffix"
                                          >
                                            <span
                                              class="ant-input-clear-icon ant-input-clear-icon-hidden"
                                              role="button"
                                              tabindex="-1"
                                            >
                                              <span
                                                aria-label="close-circle"
                                                class="anticon anticon-close-circle"
                                                role="img"
                                              >
                                                <svg
                                                  aria-hidden="true"
                                                  data-icon="close-circle"
                                                  fill="currentColor"
                                                  focusable="false"
                                                  height="1em"
                                                  viewBox="64 64 896 896"
                                                  width="1em"
                                                >
                                                  <path
                                                    d="M512 64C264.6 64 64 264.6 64 512s200.6 448 448 448 448-200.6 448-448S759.4 64 512 64zm165.4 618.2l-66-.3L512 563.4l-99.3 118.4-66.1.3c-4.4 0-8-3.5-8-8 0-1.9.7-3.7 1.9-5.2l130.1-155L340.5 359a8.32 8.32 0 01-1.9-5.2c0-4.4 3.6-8 8-8l66.1.3L512 464.6l99.3-118.4 66-.3c4.4 0 8 3.5 8 8 0 1.9-.7 3.7-1.9 5.2L553.5 514l130 155c1.2 1.5 1.9 3.3 1.9 5.2 0 4.4-3.6 8-8 8z"
                                                  />
                                                </svg>
                                              </span>
                                            </span>
                                          </span>
                                        </span>
                                      </div>
                                    </div>
                                  </div>
                                </div>
                              </div>
                            </div>
                            <div
                              class="ant-space-item"
                            >
                              <div
                                class="ant-form-item"
                              >
                                <div
                                  class="ant-row ant-form-item-row"
                                >
                                  <div
                                    class="ant-col ant-form-item-label"
                                  >
                                    <label
                                      class=""
                                      for="default_users_0_gfunction"
                                      title="Â§ñÂ±ÇËÅîÂä®ÁîüÊïàÊñπÂºè"
                                    >
                                      Â§ñÂ±ÇËÅîÂä®ÁîüÊïàÊñπÂºè
                                    </label>
                                  </div>
                                  <div
                                    class="ant-col ant-form-item-control"
                                  >
                                    <div
                                      class="ant-form-item-control-input"
                                    >
                                      <div
                                        class="ant-form-item-control-input-content"
                                      >
                                        <span
                                          class="ant-input-affix-wrapper pro-field pro-field-md"
                                        >
                                          <input
                                            class="ant-input"
                                            id="default_users_0_gfunction"
                                            placeholder="ËØ∑ËæìÂÖ•"
                                            type="text"
                                            value=""
                                          />
                                          <span
                                            class="ant-input-suffix"
                                          >
                                            <span
                                              class="ant-input-clear-icon ant-input-clear-icon-hidden"
                                              role="button"
                                              tabindex="-1"
                                            >
                                              <span
                                                aria-label="close-circle"
                                                class="anticon anticon-close-circle"
                                                role="img"
                                              >
                                                <svg
                                                  aria-hidden="true"
                                                  data-icon="close-circle"
                                                  fill="currentColor"
                                                  focusable="false"
                                                  height="1em"
                                                  viewBox="64 64 896 896"
                                                  width="1em"
                                                >
                                                  <path
                                                    d="M512 64C264.6 64 64 264.6 64 512s200.6 448 448 448 448-200.6 448-448S759.4 64 512 64zm165.4 618.2l-66-.3L512 563.4l-99.3 118.4-66.1.3c-4.4 0-8-3.5-8-8 0-1.9.7-3.7 1.9-5.2l130.1-155L340.5 359a8.32 8.32 0 01-1.9-5.2c0-4.4 3.6-8 8-8l66.1.3L512 464.6l99.3-118.4 66-.3c4.4 0 8 3.5 8 8 0 1.9-.7 3.7-1.9 5.2L553.5 514l130 155c1.2 1.5 1.9 3.3 1.9 5.2 0 4.4-3.6 8-8 8z"
                                                  />
                                                </svg>
                                              </span>
                                            </span>
                                          </span>
                                        </span>
                                      </div>
                                    </div>
                                  </div>
                                </div>
                              </div>
                            </div>
                          </div>
                        </div>
                      </div>
                      <div
                        class="ant-pro-form-list-action"
                      >
                        <div
                          class="ant-spin-nested-loading"
                        >
                          <div
                            class="ant-spin-container"
                          >
                            <span
                              aria-label="copy"
                              class="anticon anticon-copy ant-pro-form-list-action-icon action-copy"
                              role="img"
                              tabindex="-1"
                            >
                              <svg
                                aria-hidden="true"
                                data-icon="copy"
                                fill="currentColor"
                                focusable="false"
                                height="1em"
                                viewBox="64 64 896 896"
                                width="1em"
                              >
                                <path
                                  d="M832 64H296c-4.4 0-8 3.6-8 8v56c0 4.4 3.6 8 8 8h496v688c0 4.4 3.6 8 8 8h56c4.4 0 8-3.6 8-8V96c0-17.7-14.3-32-32-32zM704 192H192c-17.7 0-32 14.3-32 32v530.7c0 8.5 3.4 16.6 9.4 22.6l173.3 173.3c2.2 2.2 4.7 4 7.4 5.5v1.9h4.2c3.5 1.3 7.2 2 11 2H704c17.7 0 32-14.3 32-32V224c0-17.7-14.3-32-32-32zM350 856.2L263.9 770H350v86.2zM664 888H414V746c0-22.1-17.9-40-40-40H232V264h432v624z"
                                />
                              </svg>
                            </span>
                          </div>
                        </div>
                        <div
                          class="ant-spin-nested-loading"
                        >
                          <div
                            class="ant-spin-container"
                          >
                            <span
                              aria-label="delete"
                              class="anticon anticon-delete ant-pro-form-list-action-icon action-remove"
                              role="img"
                              tabindex="-1"
                            >
                              <svg
                                aria-hidden="true"
                                data-icon="delete"
                                fill="currentColor"
                                focusable="false"
                                height="1em"
                                viewBox="64 64 896 896"
                                width="1em"
                              >
                                <path
                                  d="M360 184h-8c4.4 0 8-3.6 8-8v8h304v-8c0 4.4 3.6 8 8 8h-8v72h72v-80c0-35.3-28.7-64-64-64H352c-35.3 0-64 28.7-64 64v80h72v-72zm504 72H160c-17.7 0-32 14.3-32 32v32c0 4.4 3.6 8 8 8h60.4l24.7 523c1.6 34.1 29.8 61 63.9 61h454c34.2 0 62.3-26.8 63.9-61l24.7-523H888c4.4 0 8-3.6 8-8v-32c0-17.7-14.3-32-32-32zM731.3 840H292.7l-24.2-512h487l-24.2 512z"
                                />
                              </svg>
                            </span>
                          </div>
                        </div>
                      </div>
                    </div>
                    <button
                      class="ant-btn ant-btn-dashed ant-btn-block ant-pro-form-list-creator-button-bottom"
                      type="button"
                    >
                      <span
                        aria-label="plus"
                        class="anticon anticon-plus"
                        role="img"
                      >
                        <svg
                          aria-hidden="true"
                          data-icon="plus"
                          fill="currentColor"
                          focusable="false"
                          height="1em"
                          viewBox="64 64 896 896"
                          width="1em"
                        >
                          <defs>
                            <style />
                          </defs>
                          <path
                            d="M482 152h60q8 0 8 8v704q0 8-8 8h-60q-8 0-8-8V160q0-8 8-8z"
                          />
                          <path
                            d="M176 474h672q8 0 8 8v60q0 8-8 8H176q-8 0-8-8v-60q0-8 8-8z"
                          />
                        </svg>
                      </span>
                      <span>
                        Ê∑ªÂä†‰∏ÄË°åÊï∞ÊçÆ
                      </span>
                    </button>
                  </div>
                </div>
              </div>
            </div>
          </div>
        </div>
      </div>
      <div
        class="ant-space ant-space-horizontal ant-space-align-center"
        style="flex-wrap: wrap; margin-bottom: -8px;"
      >
        <div
          class="ant-space-item"
          style="margin-right: 8px; padding-bottom: 8px;"
        >
          <button
            class="ant-btn ant-btn-primary"
            type="button"
          >
            <span>
              Êèê ‰∫§
            </span>
          </button>
        </div>
        <div
          class="ant-space-item"
          style="padding-bottom: 8px;"
        >
          <button
            class="ant-btn ant-btn-default"
            type="button"
          >
            <span>
              Èáç ÁΩÆ
            </span>
          </button>
        </div>
      </div>
    </form>
  </div>
</DocumentFragment>
`;

exports[`form demos üì∏ renders ./packages/form/src/components/Dependency/demos/dependency2.tsx correctly 1`] = `<DocumentFragment />`;

exports[`form demos üì∏ renders ./packages/form/src/components/Dependency/demos/dependency2.tsx correctly 2`] = `<DocumentFragment />`;

exports[`form demos üì∏ renders ./packages/form/src/components/FieldSet/demos/captCha.tsx correctly 1`] = `<DocumentFragment />`;

exports[`form demos üì∏ renders ./packages/form/src/components/FieldSet/demos/components-other.tsx correctly 1`] = `<DocumentFragment />`;

exports[`form demos üì∏ renders ./packages/form/src/components/FieldSet/demos/components-other-readonly.tsx correctly 1`] = `<DocumentFragment />`;

exports[`form demos üì∏ renders ./packages/form/src/components/FieldSet/demos/datatime.tsx correctly 1`] = `<DocumentFragment />`;

exports[`form demos üì∏ renders ./packages/form/src/components/FieldSet/demos/form-fieldset.tsx correctly 1`] = `<DocumentFragment />`;

exports[`form demos üì∏ renders ./packages/form/src/components/FieldSet/demos/search-select.tsx correctly 1`] = `<DocumentFragment />`;

exports[`form demos üì∏ renders ./packages/form/src/components/FieldSet/demos/upload.tsx correctly 1`] = `<DocumentFragment />`;

exports[`form demos üì∏ renders ./packages/form/src/components/Group/demos/base-use.tsx correctly 1`] = `<DocumentFragment />`;

exports[`form demos üì∏ renders ./packages/form/src/components/Group/demos/countLimit.tsx correctly 1`] = `<DocumentFragment />`;

exports[`form demos üì∏ renders ./packages/form/src/components/Group/demos/customize.tsx correctly 1`] = `<DocumentFragment />`;

exports[`form demos üì∏ renders ./packages/form/src/components/Group/demos/dependency.tsx correctly 1`] = `<DocumentFragment />`;

exports[`form demos üì∏ renders ./packages/form/src/components/Group/demos/horizontal-layout.tsx correctly 1`] = `<DocumentFragment />`;

exports[`form demos üì∏ renders ./packages/form/src/components/Group/demos/list.tsx correctly 1`] = `<DocumentFragment />`;

exports[`form demos üì∏ renders ./packages/form/src/components/Group/demos/list-tooltip.tsx correctly 1`] = `<DocumentFragment />`;

exports[`form demos üì∏ renders ./packages/form/src/components/Group/demos/nested-list.tsx correctly 1`] = `<DocumentFragment />`;

exports[`form demos üì∏ renders ./packages/form/src/components/Group/demos/pro-form-list.tsx correctly 1`] = `<DocumentFragment />`;

exports[`form demos üì∏ renders ./packages/form/src/components/LoginForm/demos/login-form.tsx correctly 1`] = `<DocumentFragment />`;

exports[`form demos üì∏ renders ./packages/form/src/components/LoginForm/demos/login-form-page.tsx correctly 1`] = `<DocumentFragment />`;

exports[`form demos üì∏ renders ./packages/form/src/components/ModalForm/demos/drawer-form.tsx correctly 1`] = `<DocumentFragment />`;

exports[`form demos üì∏ renders ./packages/form/src/components/ModalForm/demos/drawer-form-nested.tsx correctly 1`] = `<DocumentFragment />`;

exports[`form demos üì∏ renders ./packages/form/src/components/ModalForm/demos/modal-form.tsx correctly 1`] = `<DocumentFragment />`;

exports[`form demos üì∏ renders ./packages/form/src/components/ModalForm/demos/modal-form-reset.tsx correctly 1`] = `<DocumentFragment />`;

exports[`form demos üì∏ renders ./packages/form/src/components/ModalForm/demos/modal-form-submitter.tsx correctly 1`] = `<DocumentFragment />`;

exports[`form demos üì∏ renders ./packages/form/src/components/ModalForm/demos/visible-on-visible-change.tsx correctly 1`] = `<DocumentFragment />`;

exports[`form demos üì∏ renders ./packages/form/src/components/QueryFilter/demos/light-filter.tsx correctly 1`] = `<DocumentFragment />`;

exports[`form demos üì∏ renders ./packages/form/src/components/QueryFilter/demos/light-filter-bordered.tsx correctly 1`] = `<DocumentFragment />`;

exports[`form demos üì∏ renders ./packages/form/src/components/QueryFilter/demos/light-filter-collapse.tsx correctly 1`] = `<DocumentFragment />`;

exports[`form demos üì∏ renders ./packages/form/src/components/QueryFilter/demos/light-filter-footer.tsx correctly 1`] = `<DocumentFragment />`;

exports[`form demos üì∏ renders ./packages/form/src/components/QueryFilter/demos/light-filter-placement.tsx correctly 1`] = `<DocumentFragment />`;

exports[`form demos üì∏ renders ./packages/form/src/components/QueryFilter/demos/light-filter-test.tsx correctly 1`] = `<DocumentFragment />`;

exports[`form demos üì∏ renders ./packages/form/src/components/QueryFilter/demos/query-filter.tsx correctly 1`] = `<DocumentFragment />`;

exports[`form demos üì∏ renders ./packages/form/src/components/QueryFilter/demos/query-filter-collapsed.tsx correctly 1`] = `<DocumentFragment />`;

exports[`form demos üì∏ renders ./packages/form/src/components/QueryFilter/demos/query-filter-test.tsx correctly 1`] = `<DocumentFragment />`;

exports[`form demos üì∏ renders ./packages/form/src/components/QueryFilter/demos/query-filter-vertical.tsx correctly 1`] = `<DocumentFragment />`;

exports[`form demos üì∏ renders ./packages/form/src/components/QueryFilter/demos/search-filter.tsx correctly 1`] = `<DocumentFragment />`;

exports[`form demos üì∏ renders ./packages/form/src/components/SchemaForm/demos/customization-value-type.tsx correctly 1`] = `<DocumentFragment />`;

exports[`form demos üì∏ renders ./packages/form/src/components/SchemaForm/demos/dependencies.tsx correctly 1`] = `<DocumentFragment />`;

exports[`form demos üì∏ renders ./packages/form/src/components/SchemaForm/demos/dependency.tsx correctly 1`] = `<DocumentFragment />`;

exports[`form demos üì∏ renders ./packages/form/src/components/SchemaForm/demos/dynamic-rerender.tsx correctly 1`] = `<DocumentFragment />`;

exports[`form demos üì∏ renders ./packages/form/src/components/SchemaForm/demos/embed.tsx correctly 1`] = `<DocumentFragment />`;

exports[`form demos üì∏ renders ./packages/form/src/components/SchemaForm/demos/schema.tsx correctly 1`] = `<DocumentFragment />`;

exports[`form demos üì∏ renders ./packages/form/src/components/SchemaForm/demos/steps-form.tsx correctly 1`] = `<DocumentFragment />`;

exports[`form demos üì∏ renders ./packages/form/src/components/SchemaForm/demos/valueType.tsx correctly 1`] = `<DocumentFragment />`;

exports[`form demos üì∏ renders ./packages/form/src/components/StepsForm/demos/add-or-edit-step-form.tsx correctly 1`] = `<DocumentFragment />`;

exports[`form demos üì∏ renders ./packages/form/src/components/StepsForm/demos/customize-steps-from.tsx correctly 1`] = `<DocumentFragment />`;

exports[`form demos üì∏ renders ./packages/form/src/components/StepsForm/demos/modal-step-form.tsx correctly 1`] = `<DocumentFragment />`;

exports[`form demos üì∏ renders ./packages/form/src/components/StepsForm/demos/multi-card-step-form.tsx correctly 1`] = `<DocumentFragment />`;

exports[`form demos üì∏ renders ./packages/form/src/components/StepsForm/demos/steps-form-vertical.tsx correctly 1`] = `<DocumentFragment />`;

exports[`form demos üì∏ renders ./packages/form/src/components/StepsForm/demos/steps-from.tsx correctly 1`] = `<DocumentFragment />`;

exports[`form demos üì∏ renders ./packages/form/src/demos/base.tsx correctly 1`] = `<DocumentFragment />`;

exports[`form demos üì∏ renders ./packages/form/src/demos/components-test.tsx correctly 1`] = `<DocumentFragment />`;

exports[`form demos üì∏ renders ./packages/form/src/demos/config-provider.tsx correctly 1`] = `<DocumentFragment />`;

exports[`form demos üì∏ renders ./packages/form/src/demos/dependency.tsx correctly 1`] = `<DocumentFragment />`;

exports[`form demos üì∏ renders ./packages/form/src/demos/form-layout.tsx correctly 1`] = `<DocumentFragment />`;

exports[`form demos üì∏ renders ./packages/form/src/demos/form-layout-grid.tsx correctly 1`] = `<DocumentFragment />`;

exports[`form demos üì∏ renders ./packages/form/src/demos/formRef.tsx correctly 1`] = `<DocumentFragment />`;

exports[`form demos üì∏ renders ./packages/form/src/demos/label-col.tsx correctly 1`] = `<DocumentFragment />`;

exports[`form demos üì∏ renders ./packages/form/src/demos/labelInValue.tsx correctly 1`] = `<DocumentFragment />`;

exports[`form demos üì∏ renders ./packages/form/src/demos/layout-change.tsx correctly 1`] = `<DocumentFragment />`;

exports[`form demos üì∏ renders ./packages/form/src/demos/layout-footer.tsx correctly 1`] = `<DocumentFragment />`;

exports[`form demos üì∏ renders ./packages/form/src/demos/linkage-customization.tsx correctly 1`] = `<DocumentFragment />`;

exports[`form demos üì∏ renders ./packages/form/src/demos/money.tsx correctly 1`] = `<DocumentFragment />`;

exports[`form demos üì∏ renders ./packages/form/src/demos/pro-form-captCha.tsx correctly 1`] = `<DocumentFragment />`;

exports[`form demos üì∏ renders ./packages/form/src/demos/pro-form-dependency.debug.tsx correctly 1`] = `<DocumentFragment />`;

exports[`form demos üì∏ renders ./packages/form/src/demos/pro-form-editableTable.tsx correctly 1`] = `<DocumentFragment />`;

exports[`form demos üì∏ renders ./packages/form/src/demos/sync-to-url.tsx correctly 1`] = `<DocumentFragment />`;
