// Jest Snapshot v1, https://goo.gl/fbAQLP

exports[`LightFilter  ๐ช DateRangePicker 1`] = `"ๆฅๆ่ๅด: 2016-11-01 ~ 2016-11-11"`;

exports[`LightFilter  ๐ช DateTimePicker 1`] = `"ๆฅๆๆถ้ด: 2016-11-04 07:22:44"`;
