// Jest Snapshot v1, https://goo.gl/fbAQLP

exports[`docs demos üì∏ renders ./docs/demos/customization-value-type.tsx correctly 1`] = `
<DocumentFragment>
  <div
    class="ant-pro-card ant-pro-card-border"
    style="margin-bottom: 24px;"
  >
    <div
      class="ant-pro-card-header"
    >
      <div
        class="ant-pro-card-title"
      >
        SchemaForm
      </div>
    </div>
    <div
      class="ant-pro-card-body"
    >
      <div
        class="ant-pro"
      >
        <form
          autocomplete="off"
          class="ant-form ant-form-vertical"
          title="Ëá™ÂÆö‰πâ valueType"
        >
          <input
            style="display: none;"
            type="text"
          />
          <div
            class="ant-pro-form-group"
          >
            <div
              class="ant-pro-form-group-title"
            >
              Ê†áÁ≠æ
            </div>
            <div
              class="ant-space ant-space-horizontal ant-space-align-start ant-pro-form-group-container"
              style="row-gap: 0;"
            >
              <div
                class="ant-space-item"
                style="margin-right: 32px;"
              >
                <div
                  class="ant-form-item"
                >
                  <div
                    class="ant-row ant-form-item-row"
                  >
                    <div
                      class="ant-col ant-form-item-label"
                    >
                      <label
                        class=""
                        for="name"
                        title="Âè™ËØªÈìæÊé•"
                      >
                        Âè™ËØªÈìæÊé•
                      </label>
                    </div>
                    <div
                      class="ant-col ant-form-item-control"
                    >
                      <div
                        class="ant-form-item-control-input"
                      >
                        <div
                          class="ant-form-item-control-input-content"
                        >
                          <a>
                            TradeCode 1
                          </a>
                        </div>
                      </div>
                    </div>
                  </div>
                </div>
              </div>
              <div
                class="ant-space-item"
              >
                <div
                  class="ant-form-item"
                >
                  <div
                    class="ant-row ant-form-item-row"
                  >
                    <div
                      class="ant-col ant-form-item-label"
                    >
                      <label
                        class=""
                        for="name"
                        title="ÈìæÊé•"
                      >
                        ÈìæÊé•
                      </label>
                    </div>
                    <div
                      class="ant-col ant-form-item-control"
                    >
                      <div
                        class="ant-form-item-control-input"
                      >
                        <div
                          class="ant-form-item-control-input-content"
                        >
                          <input
                            class="ant-input"
                            id="name"
                            placeholder="ËØ∑ËæìÂÖ•ÈìæÊé•"
                            type="text"
                            value="TradeCode 1"
                          />
                        </div>
                      </div>
                    </div>
                  </div>
                </div>
              </div>
            </div>
          </div>
          <div
            class="ant-pro-form-group"
          >
            <div
              class="ant-pro-form-group-title"
            >
              Ë∑ØÂæÑ
            </div>
            <div
              class="ant-space ant-space-horizontal ant-space-align-start ant-pro-form-group-container"
              style="row-gap: 0;"
            >
              <div
                class="ant-space-item"
                style="margin-right: 32px;"
              >
                <div
                  class="ant-form-item"
                >
                  <div
                    class="ant-row ant-form-item-row"
                  >
                    <div
                      class="ant-col ant-form-item-label"
                    >
                      <label
                        class=""
                        for="status"
                        title="Ê†áÁ≠æ"
                      >
                        Ê†áÁ≠æ
                      </label>
                    </div>
                    <div
                      class="ant-col ant-form-item-control"
                    >
                      <div
                        class="ant-form-item-control-input"
                      >
                        <div
                          class="ant-form-item-control-input-content"
                        >
                          <div
                            class="ant-space ant-space-horizontal ant-space-align-center"
                          >
                            <div
                              class="ant-space-item"
                              style="margin-right: 8px;"
                            >
                              <span
                                class="ant-tag"
                              >
                                close
                              </span>
                            </div>
                            <div
                              class="ant-space-item"
                              style="margin-right: 8px;"
                            >
                              <span
                                class="ant-tag"
                              >
                                close
                              </span>
                            </div>
                            <div
                              class="ant-space-item"
                            >
                              <input
                                class="ant-input ant-input-sm"
                                style="width: 78px;"
                                type="text"
                                value=""
                              />
                            </div>
                          </div>
                        </div>
                      </div>
                    </div>
                  </div>
                </div>
              </div>
              <div
                class="ant-space-item"
              >
                <div
                  class="ant-form-item"
                >
                  <div
                    class="ant-row ant-form-item-row"
                  >
                    <div
                      class="ant-col ant-form-item-label"
                    >
                      <label
                        class=""
                        for="status"
                        title="Âè™ËØªÊ†áÁ≠æ"
                      >
                        Âè™ËØªÊ†áÁ≠æ
                      </label>
                    </div>
                    <div
                      class="ant-col ant-form-item-control"
                    >
                      <div
                        class="ant-form-item-control-input"
                      >
                        <div
                          class="ant-form-item-control-input-content"
                        >
                          <span
                            class="ant-tag"
                          >
                            close
                          </span>
                          <span
                            class="ant-tag"
                          >
                            close
                          </span>
                        </div>
                      </div>
                    </div>
                  </div>
                </div>
              </div>
            </div>
          </div>
          <div
            class="ant-space ant-space-horizontal ant-space-align-center"
            style="flex-wrap: wrap; margin-bottom: -8px;"
          >
            <div
              class="ant-space-item"
              style="margin-right: 8px; padding-bottom: 8px;"
            >
              <button
                class="ant-btn ant-btn-primary"
                type="button"
              >
                <span>
                  Êèê ‰∫§
                </span>
              </button>
            </div>
            <div
              class="ant-space-item"
              style="padding-bottom: 8px;"
            >
              <button
                class="ant-btn ant-btn-default"
                type="button"
              >
                <span>
                  Èáç ÁΩÆ
                </span>
              </button>
            </div>
          </div>
        </form>
      </div>
    </div>
  </div>
  <div
    class="ant-pro-card ant-pro-card-border"
    style="margin-bottom: 24px;"
  >
    <div
      class="ant-pro-card-header"
    >
      <div
        class="ant-pro-card-title"
      >
        ProTable
      </div>
    </div>
    <div
      class="ant-pro-card-body"
    >
      <div
        class="ant-pro"
      >
        <div
          class="ant-pro-table"
        >
          <div
            class="ant-pro-card ant-pro-table-search ant-pro-table-search-query-filter"
          >
            <div
              class="ant-pro"
            >
              <form
                autocomplete="off"
                class="ant-form ant-form-horizontal ant-pro-form-query-filter"
              >
                <input
                  style="display: none;"
                  type="text"
                />
                <div
                  class="ant-row ant-row-start"
                  style="margin-left: -12px; margin-right: -12px;"
                >
                  <div
                    class="ant-col ant-col-8"
                    style="padding-left: 12px; padding-right: 12px;"
                  >
                    <div
                      class="ant-form-item"
                      style="flex-wrap: nowrap;"
                    >
                      <div
                        class="ant-row ant-form-item-row"
                      >
                        <div
                          class="ant-col ant-form-item-label"
                          style="flex: 0 0 80px;"
                        >
                          <label
                            class=""
                            for="name"
                            title="ÈìæÊé•"
                          >
                            ÈìæÊé•
                          </label>
                        </div>
                        <div
                          class="ant-col ant-form-item-control"
                          style="max-width: calc(100% - 80px);"
                        >
                          <div
                            class="ant-form-item-control-input"
                          >
                            <div
                              class="ant-form-item-control-input-content"
                            >
                              <input
                                class="ant-input"
                                id="name"
                                placeholder="ËØ∑ËæìÂÖ•ÈìæÊé•"
                                style="width: 100%;"
                                type="text"
                                value=""
                              />
                            </div>
                          </div>
                        </div>
                      </div>
                    </div>
                  </div>
                  <div
                    class="ant-col ant-col-8"
                    style="padding-left: 12px; padding-right: 12px;"
                  >
                    <div
                      class="ant-form-item"
                      style="flex-wrap: nowrap;"
                    >
                      <div
                        class="ant-row ant-form-item-row"
                      >
                        <div
                          class="ant-col ant-form-item-label"
                          style="flex: 0 0 80px;"
                        >
                          <label
                            class=""
                            for="status"
                            title="Ê†áÁ≠æ"
                          >
                            Ê†áÁ≠æ
                          </label>
                        </div>
                        <div
                          class="ant-col ant-form-item-control"
                          style="max-width: calc(100% - 80px);"
                        >
                          <div
                            class="ant-form-item-control-input"
                          >
                            <div
                              class="ant-form-item-control-input-content"
                            >
                              <div
                                class="ant-space ant-space-horizontal ant-space-align-center"
                              >
                                <div
                                  class="ant-space-item"
                                >
                                  <input
                                    class="ant-input ant-input-sm"
                                    style="width: 78px;"
                                    type="text"
                                    value=""
                                  />
                                </div>
                              </div>
                            </div>
                          </div>
                        </div>
                      </div>
                    </div>
                  </div>
                  <div
                    class="ant-col ant-col-8"
                    style="padding-left: 12px; padding-right: 12px; text-align: right;"
                  >
                    <div
                      class="ant-form-item pro-form-query-filter-actions"
                    >
                      <div
                        class="ant-row ant-form-item-row"
                      >
                        <div
                          class="ant-col ant-form-item-label"
                        >
                          <label
                            class="ant-form-item-no-colon"
                            title=" "
                          >
                             
                          </label>
                        </div>
                        <div
                          class="ant-col ant-form-item-control"
                        >
                          <div
                            class="ant-form-item-control-input"
                          >
                            <div
                              class="ant-form-item-control-input-content"
                            >
                              <div
                                class="ant-space ant-space-horizontal ant-space-align-center"
                              >
                                <div
                                  class="ant-space-item"
                                >
                                  <div
                                    class="ant-space ant-space-horizontal ant-space-align-center"
                                    style="flex-wrap: wrap; margin-bottom: -8px;"
                                  >
                                    <div
                                      class="ant-space-item"
                                      style="margin-right: 8px; padding-bottom: 8px;"
                                    >
                                      <button
                                        class="ant-btn ant-btn-default"
                                        type="button"
                                      >
                                        <span>
                                          Èáç ÁΩÆ
                                        </span>
                                      </button>
                                    </div>
                                    <div
                                      class="ant-space-item"
                                      style="padding-bottom: 8px;"
                                    >
                                      <button
                                        class="ant-btn ant-btn-primary"
                                        type="button"
                                      >
                                        <span>
                                          Êü• ËØ¢
                                        </span>
                                      </button>
                                    </div>
                                  </div>
                                </div>
                              </div>
                            </div>
                          </div>
                        </div>
                      </div>
                    </div>
                  </div>
                </div>
              </form>
            </div>
          </div>
          <div
            class="ant-pro-card"
          >
            <div
              class="ant-pro-card-body"
              style="padding: 0px;"
            >
              <div
                class="ant-table-wrapper"
              >
                <div
                  class="ant-spin-nested-loading"
                >
                  <div
                    class="ant-spin-container"
                  >
                    <div
                      class="ant-table ant-table-middle"
                    >
                      <div
                        class="ant-table-container"
                      >
                        <div
                          class="ant-table-content"
                        >
                          <table
                            style="table-layout: auto;"
                          >
                            <colgroup />
                            <thead
                              class="ant-table-thead"
                            >
                              <tr>
                                <th
                                  class="ant-table-cell"
                                >
                                  ÈìæÊé•
                                </th>
                                <th
                                  class="ant-table-cell"
                                >
                                  Ê†áÁ≠æ
                                </th>
                              </tr>
                            </thead>
                            <tbody
                              class="ant-table-tbody"
                            >
                              <tr
                                class="ant-table-row ant-table-row-level-0"
                                data-row-key="1"
                              >
                                <td
                                  class="ant-table-cell"
                                >
                                  <a>
                                    TradeCode 1
                                  </a>
                                </td>
                                <td
                                  class="ant-table-cell"
                                >
                                  <span
                                    class="ant-tag"
                                  >
                                    close
                                  </span>
                                  <span
                                    class="ant-tag"
                                  >
                                    close
                                  </span>
                                </td>
                              </tr>
                            </tbody>
                          </table>
                        </div>
                      </div>
                    </div>
                  </div>
                </div>
              </div>
            </div>
          </div>
        </div>
      </div>
    </div>
  </div>
  <div
    class="ant-pro-card ant-pro-card-border"
    style="margin-bottom: 24px;"
  >
    <div
      class="ant-pro-card-header"
    >
      <div
        class="ant-pro-card-title"
      >
        ProDescriptions
      </div>
    </div>
    <div
      class="ant-pro-card-body"
    >
      <div
        class="ant-descriptions ant-pro-descriptions"
      >
        <div
          class="ant-descriptions-view"
        >
          <table>
            <tbody>
              <tr
                class="ant-descriptions-row"
              >
                <td
                  class="ant-descriptions-item"
                  colspan="1"
                >
                  <div
                    class="ant-descriptions-item-container"
                  >
                    <span
                      class="ant-descriptions-item-label"
                    >
                      ÈìæÊé•
                    </span>
                    <span
                      class="ant-descriptions-item-content"
                    >
                      <a>
                        TradeCode 1
                      </a>
                    </span>
                  </div>
                </td>
                <td
                  class="ant-descriptions-item"
                  colspan="2"
                >
                  <div
                    class="ant-descriptions-item-container"
                  >
                    <span
                      class="ant-descriptions-item-label"
                    >
                      Ê†áÁ≠æ
                    </span>
                    <span
                      class="ant-descriptions-item-content"
                    >
                      <span
                        class="ant-tag"
                      >
                        close
                      </span>
                      <span
                        class="ant-tag"
                      >
                        close
                      </span>
                    </span>
                  </div>
                </td>
              </tr>
            </tbody>
          </table>
        </div>
      </div>
    </div>
  </div>
</DocumentFragment>
`;

exports[`docs demos üì∏ renders ./docs/demos/valueType.tsx correctly 1`] = `<DocumentFragment />`;

exports[`docs demos üì∏ renders ./docs/demos/valueType.tsx correctly 2`] = `<DocumentFragment />`;
