// Jest Snapshot v1, https://goo.gl/fbAQLP

exports[`BasicLayout base use 1`] = `"<div class=\\"ant-pro-page-header-wrap-page-header-warp\\"><div class=\\"ant-pro-grid-content\\"><div class=\\"ant-page-header\\"><div class=\\"ant-page-header-title-view\\"><span class=\\"ant-page-header-title-view-title\\"><h4 class=\\"ant-typography\\" style=\\"margin:0\\"></h4></span></div></div></div></div>"`;

exports[`BasicLayout content is text 1`] = `"<div class=\\"ant-pro-page-header-wrap-page-header-warp\\"><div class=\\"ant-pro-grid-content\\"><div class=\\"ant-page-header\\"><div class=\\"ant-page-header-title-view\\"><span class=\\"ant-page-header-title-view-title\\"><h4 class=\\"ant-typography\\" style=\\"margin:0\\"></h4></span></div><div class=\\"ant-page-header-content-view\\"><div class=\\"ant-pro-page-header-wrap-detail\\"><div class=\\"ant-pro-page-header-wrap-main\\"><div class=\\"ant-pro-page-header-wrap-row\\"><div class=\\"ant-pro-page-header-wrap-content\\">just so so</div></div></div></div></div></div></div></div>"`;
